14
0
0
(1+0j)
(1+0j)
xxxxx

0
1
(1+0j)
(1+0j)
xxxxx

0
2
(1+0j)
(1+0j)
xxxxx

0
3
(1+0j)
(1+0j)
xxxxx

1
4
(0.7744190470919388-0.6326730115163863j)
(0.7744190470919388-0.6326730115163863j)
xxxxx

0
0
(1+0j)
(1+0j)
xxxxx

0
1
(1+0j)
(1+0j)
xxxxx

0
2
(1+0j)
(1+0j)
xxxxx

1
3
(0.22875280780845939-0.9734845416953194j)
(0.22875280780845939-0.9734845416953194j)
xxxxx

0
4
(1+0j)
(1+0j)
xxxxx

0
0
(1+0j)
(1+0j)
xxxxx

0
1
(1+0j)
(1+0j)
xxxxx

1
2
(-0.9721422698595266-0.23439156800611965j)
(-0.9721422698595266-0.23439156800611965j)
xxxxx

0
3
(1+0j)
(1+0j)
xxxxx

0
4
(1+0j)
(1+0j)
xxxxx

0
0
(1+0j)
(1+0j)
xxxxx

1
1
(0.8391923024206541-0.5438347906836426j)
(0.8391923024206541-0.5438347906836426j)
xxxxx

0
2
(1+0j)
(1+0j)
xxxxx

0
3
(1+0j)
(1+0j)
xxxxx

0
4
(1+0j)
(1+0j)
xxxxx

1
0
(0.440177483716293-0.8979107877897406j)
(0.440177483716293-0.8979107877897406j)
xxxxx

0
1
(1+0j)
(1+0j)
xxxxx

0
2
(1+0j)
(1+0j)
xxxxx

0
3
(1+0j)
(1+0j)
xxxxx

0
4
(1+0j)
(1+0j)
xxxxx

0
0
(1+0j)
(1+0j)
xxxxx

0
1
(1+0j)
(1+0j)
xxxxx

0
2
(1+0j)
(1+0j)
xxxxx

0
3
(1+0j)
(1+0j)
xxxxx

0
4
(-0.5885011172553458-0.8084964038195901j)
(-0.5885011172553458+0.8084964038195901j)
xxxxx

0
0
(1+0j)
(1+0j)
xxxxx

0
1
(1+0j)
(1+0j)
xxxxx

0
2
(1+0j)
(1+0j)
xxxxx

0
3
(0.7899922314973651-0.6131168519734338j)
(0.7899922314973651+0.6131168519734338j)
xxxxx

0
4
(1+0j)
(1+0j)
xxxxx

0
0
(1+0j)
(1+0j)
xxxxx

0
1
(1+0j)
(1+0j)
xxxxx

0
2
(0.9995867472161143-0.02874603955170228j)
(0.9995867472161143+0.02874603955170228j)
xxxxx

0
3
(1+0j)
(1+0j)
xxxxx

0
4
(1+0j)
(1+0j)
xxxxx

0
0
(1+0j)
(1+0j)
xxxxx

0
1
(-0.6736996355945609-0.7390052780594708j)
(-0.6736996355945609+0.7390052780594708j)
xxxxx

0
2
(1+0j)
(1+0j)
xxxxx

0
3
(1+0j)
(1+0j)
xxxxx

0
4
(1+0j)
(1+0j)
xxxxx

0
0
(0.10559907658920793-0.9944087866785504j)
(0.10559907658920793+0.9944087866785504j)
xxxxx

0
1
(1+0j)
(1+0j)
xxxxx

0
2
(1+0j)
(1+0j)
xxxxx

0
3
(1+0j)
(1+0j)
xxxxx

0
4
(1+0j)
(1+0j)
xxxxx

2
0
1
xxxxx

2
1
2
xxxxx

2
2
3
xxxxx

2
3
4
xxxxx

